<?php return array (
  0 => 'Symfony\\Bundle\\FrameworkBundle\\Controller\\AbstractController',
  1 => 'PostFinanceCheckoutPayment\\Core\\Api\\Configuration\\Controller\\ConfigurationController',
  2 => 'PostFinanceCheckoutPayment\\Core\\Api\\PaymentMethodConfiguration\\Entity\\PaymentMethodConfigurationEntity',
  3 => 'PostFinanceCheckoutPayment\\Core\\Api\\PaymentMethodConfiguration\\Entity\\PaymentMethodConfigurationEntityCollection',
  4 => 'PostFinanceCheckoutPayment\\Core\\Api\\PaymentMethodConfiguration\\Entity\\PaymentMethodConfigurationEntityDefinition',
  5 => 'PostFinanceCheckoutPayment\\Core\\Api\\Refund\\Controller\\RefundController',
  6 => 'PostFinanceCheckoutPayment\\Core\\Api\\Refund\\Entity\\RefundEntity',
  7 => 'PostFinanceCheckoutPayment\\Core\\Api\\Refund\\Entity\\RefundEntityCollection',
  8 => 'PostFinanceCheckoutPayment\\Core\\Api\\Refund\\Entity\\RefundEntityDefinition',
  9 => 'PostFinanceCheckoutPayment\\Core\\Api\\Transaction\\Controller\\TransactionCompletionController',
  10 => 'PostFinanceCheckoutPayment\\Core\\Api\\Transaction\\Controller\\TransactionController',
  11 => 'PostFinanceCheckoutPayment\\Core\\Api\\Transaction\\Controller\\TransactionVoidController',
  12 => 'PostFinanceCheckoutPayment\\Core\\Api\\Transaction\\Entity\\TransactionEntity',
  13 => 'PostFinanceCheckoutPayment\\Core\\Api\\Transaction\\Entity\\TransactionEntityCollection',
  14 => 'PostFinanceCheckoutPayment\\Core\\Api\\Transaction\\Entity\\TransactionEntityDefinition',
  15 => 'PostFinanceCheckoutPayment\\Core\\Api\\WebHooks\\Controller\\WebHookController',
  16 => 'PostFinanceCheckoutPayment\\Core\\Storefront\\Account\\Controller\\AccountOrderController',
  17 => 'PostFinanceCheckoutPayment\\Core\\Storefront\\Checkout\\Controller\\CheckoutController',
  18 => 'Frosh\\MailArchive\\Controller\\Api\\MailArchiveController',
  19 => 'JsonSchema\\Entity\\JsonPointer',
  20 => 'Shopware\\Administration\\Controller\\AdminExtensionApiController',
  21 => 'Shopware\\Administration\\Controller\\AdminProductStreamController',
  22 => 'Shopware\\Administration\\Controller\\AdminSearchController',
  23 => 'Shopware\\Administration\\Controller\\AdminTagController',
  24 => 'Shopware\\Administration\\Controller\\AdministrationController',
  25 => 'Shopware\\Administration\\Controller\\Exception\\AppByNameNotFoundException',
  26 => 'Shopware\\Administration\\Controller\\Exception\\MissingAppSecretException',
  27 => 'Shopware\\Administration\\Controller\\Exception\\MissingShopUrlException',
  28 => 'Shopware\\Administration\\Controller\\NotificationController',
  29 => 'Shopware\\Administration\\Controller\\UserConfigController',
  30 => 'Shopware\\Core\\Checkout\\Document\\Controller\\DocumentController',
  31 => 'Shopware\\Core\\Checkout\\Payment\\Controller\\PaymentController',
  32 => 'Shopware\\Core\\Content\\Flow\\Controller\\TriggerFlowController',
  33 => 'Shopware\\Core\\Content\\ImportExport\\Controller\\ImportExportActionController',
  34 => 'Shopware\\Core\\Content\\ImportExport\\DataAbstractionLayer\\Serializer\\Entity\\AbstractEntitySerializer',
  35 => 'Shopware\\Core\\Content\\ImportExport\\DataAbstractionLayer\\Serializer\\Entity\\AbstractMediaSerializer',
  36 => 'Shopware\\Core\\Content\\ImportExport\\DataAbstractionLayer\\Serializer\\Entity\\CountrySerializer',
  37 => 'Shopware\\Core\\Content\\ImportExport\\DataAbstractionLayer\\Serializer\\Entity\\CustomerSerializer',
  38 => 'Shopware\\Core\\Content\\ImportExport\\DataAbstractionLayer\\Serializer\\Entity\\EntitySerializer',
  39 => 'Shopware\\Core\\Content\\ImportExport\\DataAbstractionLayer\\Serializer\\Entity\\LanguageSerializer',
  40 => 'Shopware\\Core\\Content\\ImportExport\\DataAbstractionLayer\\Serializer\\Entity\\MediaSerializer',
  41 => 'Shopware\\Core\\Content\\ImportExport\\DataAbstractionLayer\\Serializer\\Entity\\MediaSerializerSubscriber',
  42 => 'Shopware\\Core\\Content\\ImportExport\\DataAbstractionLayer\\Serializer\\Entity\\OrderSerializer',
  43 => 'Shopware\\Core\\Content\\ImportExport\\DataAbstractionLayer\\Serializer\\Entity\\ProductCrossSellingSerializer',
  44 => 'Shopware\\Core\\Content\\ImportExport\\DataAbstractionLayer\\Serializer\\Entity\\ProductSerializer',
  45 => 'Shopware\\Core\\Content\\ImportExport\\DataAbstractionLayer\\Serializer\\Entity\\PromotionIndividualCodeSerializer',
  46 => 'Shopware\\Core\\Content\\ImportExport\\DataAbstractionLayer\\Serializer\\Entity\\SalutationSerializer',
  47 => 'Shopware\\Core\\Content\\Seo\\Entity\\Dbal\\SeoUrlAssociationFieldResolver',
  48 => 'Shopware\\Core\\Content\\Seo\\Entity\\Field\\SeoUrlAssociationField',
  49 => 'Shopware\\Core\\Content\\Seo\\Entity\\Serializer\\SeoUrlFieldSerializer',
  50 => 'Shopware\\Core\\Framework\\Api\\Controller\\AccessKeyController',
  51 => 'Shopware\\Core\\Framework\\Api\\Controller\\AclController',
  52 => 'Shopware\\Core\\Framework\\Api\\Controller\\ApiController',
  53 => 'Shopware\\Core\\Framework\\Api\\Controller\\AuthController',
  54 => 'Shopware\\Core\\Framework\\Api\\Controller\\CacheController',
  55 => 'Shopware\\Core\\Framework\\Api\\Controller\\CustomSnippetFormatController',
  56 => 'Shopware\\Core\\Framework\\Api\\Controller\\Exception\\AuthThrottledException',
  57 => 'Shopware\\Core\\Framework\\Api\\Controller\\Exception\\ExpectedUserHttpException',
  58 => 'Shopware\\Core\\Framework\\Api\\Controller\\Exception\\PermissionDeniedException',
  59 => 'Shopware\\Core\\Framework\\Api\\Controller\\FallbackController',
  60 => 'Shopware\\Core\\Framework\\Api\\Controller\\IndexingController',
  61 => 'Shopware\\Core\\Framework\\Api\\Controller\\InfoController',
  62 => 'Shopware\\Core\\Framework\\Api\\Controller\\IntegrationController',
  63 => 'Shopware\\Core\\Framework\\Api\\Controller\\SalesChannelProxyController',
  64 => 'Shopware\\Core\\Framework\\Api\\Controller\\SyncController',
  65 => 'Shopware\\Core\\Framework\\Api\\Controller\\UserController',
  66 => 'Shopware\\Core\\Framework\\Increment\\Controller\\IncrementApiController',
  67 => 'Shopware\\Core\\Installer\\Controller\\DatabaseConfigurationController',
  68 => 'Shopware\\Core\\Installer\\Controller\\DatabaseImportController',
  69 => 'Shopware\\Core\\Installer\\Controller\\FinishController',
  70 => 'Shopware\\Core\\Installer\\Controller\\InstallerController',
  71 => 'Shopware\\Core\\Installer\\Controller\\LicenseController',
  72 => 'Shopware\\Core\\Installer\\Controller\\RequirementsController',
  73 => 'Shopware\\Core\\Installer\\Controller\\SelectLanguagesController',
  74 => 'Shopware\\Core\\Installer\\Controller\\ShopConfigurationController',
  75 => 'Shopware\\Core\\Profiling\\Controller\\ProfilerController',
  76 => 'Shopware\\Core\\System\\SalesChannel\\Entity\\DefinitionRegistryChain',
  77 => 'Shopware\\Core\\System\\SalesChannel\\Entity\\PartialSalesChannelEntityLoadedEvent',
  78 => 'Shopware\\Core\\System\\SalesChannel\\Entity\\SalesChannelDefinitionInstanceRegistry',
  79 => 'Shopware\\Core\\System\\SalesChannel\\Entity\\SalesChannelDefinitionInterface',
  80 => 'Shopware\\Core\\System\\SalesChannel\\Entity\\SalesChannelEntityAggregationResultLoadedEvent',
  81 => 'Shopware\\Core\\System\\SalesChannel\\Entity\\SalesChannelEntityIdSearchResultLoadedEvent',
  82 => 'Shopware\\Core\\System\\SalesChannel\\Entity\\SalesChannelEntityLoadedEvent',
  83 => 'Shopware\\Core\\System\\SalesChannel\\Entity\\SalesChannelEntitySearchResultLoadedEvent',
  84 => 'Shopware\\Core\\System\\SalesChannel\\Entity\\SalesChannelRepository',
  85 => 'Shopware\\Storefront\\Controller\\AccountOrderController',
  86 => 'Shopware\\Storefront\\Controller\\AccountPaymentController',
  87 => 'Shopware\\Storefront\\Controller\\AccountProfileController',
  88 => 'Shopware\\Storefront\\Controller\\AddressController',
  89 => 'Shopware\\Storefront\\Controller\\Api\\CaptchaController',
  90 => 'Shopware\\Storefront\\Controller\\AuthController',
  91 => 'Shopware\\Storefront\\Controller\\CaptchaController',
  92 => 'Shopware\\Storefront\\Controller\\CartLineItemController',
  93 => 'Shopware\\Storefront\\Controller\\CheckoutController',
  94 => 'Shopware\\Storefront\\Controller\\CmsController',
  95 => 'Shopware\\Storefront\\Controller\\ContextController',
  96 => 'Shopware\\Storefront\\Controller\\CookieController',
  97 => 'Shopware\\Storefront\\Controller\\CountryStateController',
  98 => 'Shopware\\Storefront\\Controller\\DocumentController',
  99 => 'Shopware\\Storefront\\Controller\\DownloadController',
  100 => 'Shopware\\Storefront\\Controller\\ErrorController',
  101 => 'Shopware\\Storefront\\Controller\\Exception\\StorefrontException',
  102 => 'Shopware\\Storefront\\Controller\\FormController',
  103 => 'Shopware\\Storefront\\Controller\\LandingPageController',
  104 => 'Shopware\\Storefront\\Controller\\MaintenanceController',
  105 => 'Shopware\\Storefront\\Controller\\NavigationController',
  106 => 'Shopware\\Storefront\\Controller\\NewsletterController',
  107 => 'Shopware\\Storefront\\Controller\\ProductController',
  108 => 'Shopware\\Storefront\\Controller\\RegisterController',
  109 => 'Shopware\\Storefront\\Controller\\ScriptController',
  110 => 'Shopware\\Storefront\\Controller\\SearchController',
  111 => 'Shopware\\Storefront\\Controller\\SitemapController',
  112 => 'Shopware\\Storefront\\Controller\\StorefrontController',
  113 => 'Shopware\\Storefront\\Controller\\VerificationHashController',
  114 => 'Shopware\\Storefront\\Controller\\WellKnownController',
  115 => 'Shopware\\Storefront\\Controller\\WishlistController',
  116 => 'Shopware\\Storefront\\Theme\\Controller\\ThemeController',
  118 => 'Symfony\\Bundle\\FrameworkBundle\\Controller\\ControllerResolver',
  119 => 'Symfony\\Bundle\\FrameworkBundle\\Controller\\RedirectController',
  120 => 'Symfony\\Bundle\\FrameworkBundle\\Controller\\TemplateController',
  121 => 'Symfony\\Component\\HttpKernel\\Controller\\ArgumentResolver',
  122 => 'Symfony\\Component\\HttpKernel\\Controller\\ArgumentResolverInterface',
  123 => 'Symfony\\Component\\HttpKernel\\Controller\\ArgumentResolver\\BackedEnumValueResolver',
  124 => 'Symfony\\Component\\HttpKernel\\Controller\\ArgumentResolver\\DateTimeValueResolver',
  125 => 'Symfony\\Component\\HttpKernel\\Controller\\ArgumentResolver\\DefaultValueResolver',
  126 => 'Symfony\\Component\\HttpKernel\\Controller\\ArgumentResolver\\NotTaggedControllerValueResolver',
  127 => 'Symfony\\Component\\HttpKernel\\Controller\\ArgumentResolver\\QueryParameterValueResolver',
  128 => 'Symfony\\Component\\HttpKernel\\Controller\\ArgumentResolver\\RequestAttributeValueResolver',
  129 => 'Symfony\\Component\\HttpKernel\\Controller\\ArgumentResolver\\RequestPayloadValueResolver',
  130 => 'Symfony\\Component\\HttpKernel\\Controller\\ArgumentResolver\\RequestValueResolver',
  131 => 'Symfony\\Component\\HttpKernel\\Controller\\ArgumentResolver\\ServiceValueResolver',
  132 => 'Symfony\\Component\\HttpKernel\\Controller\\ArgumentResolver\\SessionValueResolver',
  133 => 'Symfony\\Component\\HttpKernel\\Controller\\ArgumentResolver\\TraceableValueResolver',
  134 => 'Symfony\\Component\\HttpKernel\\Controller\\ArgumentResolver\\UidValueResolver',
  135 => 'Symfony\\Component\\HttpKernel\\Controller\\ArgumentResolver\\VariadicValueResolver',
  136 => 'Symfony\\Component\\HttpKernel\\Controller\\ArgumentValueResolverInterface',
  137 => 'Symfony\\Component\\HttpKernel\\Controller\\ContainerControllerResolver',
  138 => 'Symfony\\Component\\HttpKernel\\Controller\\ControllerReference',
  139 => 'Symfony\\Component\\HttpKernel\\Controller\\ControllerResolver',
  140 => 'Symfony\\Component\\HttpKernel\\Controller\\ControllerResolverInterface',
  141 => 'Symfony\\Component\\HttpKernel\\Controller\\ErrorController',
  142 => 'Symfony\\Component\\HttpKernel\\Controller\\TraceableArgumentResolver',
  143 => 'Symfony\\Component\\HttpKernel\\Controller\\TraceableControllerResolver',
  144 => 'Symfony\\Component\\HttpKernel\\Controller\\ValueResolverInterface',
);